// Jest Snapshot v1, https://goo.gl/fbAQLP

exports[`renders correctly 1`] = `
<div
  className="App__Pagebody-sc-3vbase-1 ljNUdT"
>
  <div
    className="App__PageLayout-sc-3vbase-0 kAmBtc"
  >
    <h1
      className="DashboardPage__Header-sc-17821ts-0 IdgAV"
    >
      Deine Fahrten
    </h1>
    <p>
      Noch keine Fahrt hinzugef√ºgt
    </p>
  </div>
  <nav
    className="sc-AxjAm eKjsPl"
  >
    <a
      aria-current={null}
      href="/search"
      onClick={[Function]}
    >
      <svg>
        search.svg
      </svg>
    </a>
    <a
      aria-current="page"
      className="active"
      href="/"
      onClick={[Function]}
      style={
        Object {
          "fill": "var(--button-nav)",
        }
      }
    >
      <svg>
        train.svg
      </svg>
    </a>
    <a
      aria-current={null}
      href="/create"
      onClick={[Function]}
    >
      <svg>
        plus.svg
      </svg>
    </a>
  </nav>
</div>
`;
