// Jest Snapshot v1, https://goo.gl/fbAQLP

exports[`renders correctly 1`] = `
Array [
  <h1
    className="DashboardPage__Header-sc-1h5uo43-0 eqnTWm"
  >
    Deine Fahrten
  </h1>,
  <p
    className="DashboardPage__NoRide-sc-1h5uo43-1 jrbDNi"
  >
    Noch keine Fahrt hinzugef√ºgt
  </p>,
]
`;
